src/app/(auth)/login/page.tsx(43,20): error TS2339: Property 'errors' does not exist on type 'ZodError<{ email: string; password: string; }>'.
src/app/(auth)/login/page.tsx(43,36): error TS7006: Parameter 'err' implicitly has an 'any' type.
src/app/(auth)/register/page.tsx(44,20): error TS2339: Property 'errors' does not exist on type 'ZodError<{ full_name: string; email: string; password: string; confirm_password: string; }>'.
src/app/(auth)/register/page.tsx(44,36): error TS7006: Parameter 'err' implicitly has an 'any' type.
src/components/ui/Input.tsx(85,15): error TS2345: Argument of type 'false | "" | 0 | 0n | "pl-10" | null | undefined' is not assignable to parameter of type 'string | false | null | undefined'.
  Type '0' is not assignable to type 'string | false | null | undefined'.
src/types/database.types.ts(73,15): error TS2769: No overload matches this call.
  Overload 1 of 2, '(values: readonly ["food", "transport", "entertainment", "health", "education", "shopping", "utilities", "rent", "salary", "investment", "other"], params?: string | { error?: string | $ZodErrorMap<...> | undefined; message?: string | undefined; } | undefined): ZodEnum<...>', gave the following error.
    Object literal may only specify known properties, and 'errorMap' does not exist in type '{ error?: string | $ZodErrorMap<$ZodIssueInvalidValue<unknown>> | undefined; message?: string | undefined; }'.
  Overload 2 of 2, '(entries: Readonly<Record<string, EnumValue>>, params?: string | { error?: string | $ZodErrorMap<$ZodIssueInvalidValue<unknown>> | undefined; message?: string | undefined; } | undefined): ZodEnum<...>', gave the following error.
    Argument of type 'readonly ["food", "transport", "entertainment", "health", "education", "shopping", "utilities", "rent", "salary", "investment", "other"]' is not assignable to parameter of type 'Readonly<Record<string, EnumValue>>'.
      Index signature for type 'string' is missing in type 'readonly ["food", "transport", "entertainment", "health", "education", "shopping", "utilities", "rent", "salary", "investment", "other"]'.
src/types/database.types.ts(76,11): error TS2769: No overload matches this call.
  Overload 1 of 2, '(values: readonly ["income", "expense"], params?: string | { error?: string | $ZodErrorMap<$ZodIssueInvalidValue<unknown>> | undefined; message?: string | undefined; } | undefined): ZodEnum<...>', gave the following error.
    Object literal may only specify known properties, and 'errorMap' does not exist in type '{ error?: string | $ZodErrorMap<$ZodIssueInvalidValue<unknown>> | undefined; message?: string | undefined; }'.
  Overload 2 of 2, '(entries: Readonly<Record<string, EnumValue>>, params?: string | { error?: string | $ZodErrorMap<$ZodIssueInvalidValue<unknown>> | undefined; message?: string | undefined; } | undefined): ZodEnum<...>', gave the following error.
    Argument of type 'string[]' is not assignable to parameter of type 'Readonly<Record<string, EnumValue>>'.
      Index signature for type 'string' is missing in type 'string[]'.
