.next/types/validator.ts(60,39): error TS2307: Cannot find module '../../src/app/(dashboard)/budgets/page.js' or its corresponding type declarations.
.next/types/validator.ts(69,39): error TS2307: Cannot find module '../../src/app/(dashboard)/page.js' or its corresponding type declarations.
.next/types/validator.ts(78,39): error TS2307: Cannot find module '../../src/app/(dashboard)/transactions/page.js' or its corresponding type declarations.
.next/types/validator.ts(102,39): error TS2307: Cannot find module '../../src/app/(dashboard)/layout.js' or its corresponding type declarations.
src/app/dashboard/reports/page.tsx(110,152): error TS2554: Expected 1 arguments, but got 2.
src/app/dashboard/reports/page.tsx(121,156): error TS2554: Expected 1 arguments, but got 2.
src/app/dashboard/reports/page.tsx(131,99): error TS2554: Expected 1 arguments, but got 2.
src/app/dashboard/reports/page.tsx(261,121): error TS2304: Cannot find name 'parseISO'.
src/app/dashboard/reports/page.tsx(270,35): error TS2304: Cannot find name 'parseISO'.
